src/components/clientes/ClientCard.tsx(1,10): error TS2614: Module '"@/pages/Clientes"' has no exported member 'Client'. Did you mean to use 'import Client from "@/pages/Clientes"' instead?
src/components/compras/MonthBillsModal.tsx(52,37): error TS2589: Type instantiation is excessively deep and possibly infinite.
src/components/compras/MonthBillsModal.tsx(53,15): error TS2769: No overload matches this call.
  Overload 1 of 2, '(relation: "companies" | "boletos" | "accounts" | "clients" | "sales" | "card_machines" | "discount_coupons" | "subscriptions" | "materials" | "spaces" | "product_types" | "pipeline_items" | ... 38 more ... | "whatsapp_messages"): PostgrestQueryBuilder<...>', gave the following error.
    Argument of type '"purchase_installments"' is not assignable to parameter of type '"companies" | "boletos" | "accounts" | "clients" | "sales" | "card_machines" | "discount_coupons" | "subscriptions" | "materials" | "spaces" | "product_types" | "pipeline_items" | ... 38 more ... | "whatsapp_messages"'.
  Overload 2 of 2, '(relation: never): PostgrestQueryBuilder<{ PostgrestVersion: "14.1"; }, { Tables: { accounts: { Row: { account_type: string; bank_code: string; bank_name: string; company_id: number; created_at: string; current_balance: number; ... 6 more ...; updated_at: string; }; Insert: { ...; }; Update: { ...; }; Relationships: [...]; }; ... 49 more ...; whatsapp_messages: { ...; }; }; Views: {}; Functions: { ...; }; Enums: { ...; }; CompositeTypes: {}; }, never, never, never>', gave the following error.
    Argument of type '"purchase_installments"' is not assignable to parameter of type 'never'.
src/components/compras/NewPurchaseModal.tsx(147,17): error TS2322: Type '{ companyId: any; value: any; onChange: Dispatch<any>; onCreateNew: () => void; }' is not assignable to type 'IntrinsicAttributes & SupplierAutocompleteProps'.
  Property 'onCreateNew' does not exist on type 'IntrinsicAttributes & SupplierAutocompleteProps'.
src/components/compras/NewPurchaseModal.tsx(223,17): error TS2322: Type '{ totalAmount: number; installmentsCount: number; firstDueDate: string; paymentMethod: string; installments: any[]; onChange: Dispatch<SetStateAction<any[]>>; }' is not assignable to type 'IntrinsicAttributes & InstallmentGeneratorProps'.
  Property 'paymentMethod' does not exist on type 'IntrinsicAttributes & InstallmentGeneratorProps'.
src/components/compras/PurchaseDetailDrawer.tsx(42,51): error TS2769: No overload matches this call.
  Overload 1 of 2, '(relation: "companies" | "boletos" | "accounts" | "clients" | "sales" | "card_machines" | "discount_coupons" | "subscriptions" | "materials" | "spaces" | "product_types" | "pipeline_items" | ... 38 more ... | "whatsapp_messages"): PostgrestQueryBuilder<...>', gave the following error.
    Argument of type '"purchases"' is not assignable to parameter of type '"companies" | "boletos" | "accounts" | "clients" | "sales" | "card_machines" | "discount_coupons" | "subscriptions" | "materials" | "spaces" | "product_types" | "pipeline_items" | ... 38 more ... | "whatsapp_messages"'.
  Overload 2 of 2, '(relation: never): PostgrestQueryBuilder<{ PostgrestVersion: "14.1"; }, { Tables: { accounts: { Row: { account_type: string; bank_code: string; bank_name: string; company_id: number; created_at: string; current_balance: number; ... 6 more ...; updated_at: string; }; Insert: { ...; }; Update: { ...; }; Relationships: [...]; }; ... 49 more ...; whatsapp_messages: { ...; }; }; Views: {}; Functions: { ...; }; Enums: { ...; }; CompositeTypes: {}; }, never, never, never>', gave the following error.
    Argument of type '"purchases"' is not assignable to parameter of type 'never'.
src/components/compras/PurchaseDetailDrawer.tsx(43,30): error TS2345: Argument of type '{ avatar_url: string; company_id: number; created_at: string; email: string; id: number; is_active: boolean; name: string; phone: string; updated_at: string; user_id: string; } | { account: string; ... 9 more ...; updated_at: string; } | ... 48 more ... | { ...; }' is not assignable to parameter of type 'SetStateAction<Purchase>'.
  Type '{ avatar_url: string; company_id: number; created_at: string; email: string; id: number; is_active: boolean; name: string; phone: string; updated_at: string; user_id: string; }' is not assignable to type 'SetStateAction<Purchase>'.
    Type '{ avatar_url: string; company_id: number; created_at: string; email: string; id: number; is_active: boolean; name: string; phone: string; updated_at: string; user_id: string; }' is missing the following properties from type 'Purchase': supplier_id, supplier_name_snapshot, supplier_phone_snapshot, purchase_date, and 9 more.
src/components/compras/PurchaseDetailDrawer.tsx(45,54): error TS2769: No overload matches this call.
  Overload 1 of 2, '(relation: "companies" | "boletos" | "accounts" | "clients" | "sales" | "card_machines" | "discount_coupons" | "subscriptions" | "materials" | "spaces" | "product_types" | "pipeline_items" | ... 38 more ... | "whatsapp_messages"): PostgrestQueryBuilder<...>', gave the following error.
    Argument of type '"purchase_installments"' is not assignable to parameter of type '"companies" | "boletos" | "accounts" | "clients" | "sales" | "card_machines" | "discount_coupons" | "subscriptions" | "materials" | "spaces" | "product_types" | "pipeline_items" | ... 38 more ... | "whatsapp_messages"'.
  Overload 2 of 2, '(relation: never): PostgrestQueryBuilder<{ PostgrestVersion: "14.1"; }, { Tables: { accounts: { Row: { account_type: string; bank_code: string; bank_name: string; company_id: number; created_at: string; current_balance: number; ... 6 more ...; updated_at: string; }; Insert: { ...; }; Update: { ...; }; Relationships: [...]; }; ... 49 more ...; whatsapp_messages: { ...; }; }; Views: {}; Functions: { ...; }; Enums: { ...; }; CompositeTypes: {}; }, never, never, never>', gave the following error.
    Argument of type '"purchase_installments"' is not assignable to parameter of type 'never'.
src/components/compras/PurchaseDetailDrawer.tsx(45,94): error TS2345: Argument of type '"purchase_id"' is not assignable to parameter of type '"id"'.
src/components/compras/PurchaseDetailDrawer.tsx(46,37): error TS2345: Argument of type '({ avatar_url: string; company_id: number; created_at: string; email: string; id: number; is_active: boolean; name: string; phone: string; updated_at: string; user_id: string; } | { account: string; ... 9 more ...; updated_at: string; } | ... 48 more ... | { ...; })[]' is not assignable to parameter of type 'SetStateAction<PurchaseInstallment[]>'.
  Type '({ avatar_url: string; company_id: number; created_at: string; email: string; id: number; is_active: boolean; name: string; phone: string; updated_at: string; user_id: string; } | { account: string; ... 9 more ...; updated_at: string; } | ... 48 more ... | { ...; })[]' is not assignable to type 'PurchaseInstallment[]'.
    Type '{ avatar_url: string; company_id: number; created_at: string; email: string; id: number; is_active: boolean; name: string; phone: string; updated_at: string; user_id: string; } | { account: string; ... 9 more ...; updated_at: string; } | ... 48 more ... | { ...; }' is not assignable to type 'PurchaseInstallment'.
      Type '{ avatar_url: string; company_id: number; created_at: string; email: string; id: number; is_active: boolean; name: string; phone: string; updated_at: string; user_id: string; }' is missing the following properties from type 'PurchaseInstallment': purchase_id, installment_number, amount, due_date, and 3 more.
src/components/compras/PurchaseDetailDrawer.tsx(48,55): error TS2769: No overload matches this call.
  Overload 1 of 2, '(relation: "companies" | "boletos" | "accounts" | "clients" | "sales" | "card_machines" | "discount_coupons" | "subscriptions" | "materials" | "spaces" | "product_types" | "pipeline_items" | ... 38 more ... | "whatsapp_messages"): PostgrestQueryBuilder<...>', gave the following error.
    Argument of type '"purchase_items"' is not assignable to parameter of type '"companies" | "boletos" | "accounts" | "clients" | "sales" | "card_machines" | "discount_coupons" | "subscriptions" | "materials" | "spaces" | "product_types" | "pipeline_items" | ... 38 more ... | "whatsapp_messages"'.
  Overload 2 of 2, '(relation: never): PostgrestQueryBuilder<{ PostgrestVersion: "14.1"; }, { Tables: { accounts: { Row: { account_type: string; bank_code: string; bank_name: string; company_id: number; created_at: string; current_balance: number; ... 6 more ...; updated_at: string; }; Insert: { ...; }; Update: { ...; }; Relationships: [...]; }; ... 49 more ...; whatsapp_messages: { ...; }; }; Views: {}; Functions: { ...; }; Enums: { ...; }; CompositeTypes: {}; }, never, never, never>', gave the following error.
    Argument of type '"purchase_items"' is not assignable to parameter of type 'never'.
src/components/compras/PurchaseDetailDrawer.tsx(48,88): error TS2345: Argument of type '"purchase_id"' is not assignable to parameter of type '"id"'.
src/components/compras/PurchaseDetailDrawer.tsx(49,31): error TS2345: Argument of type '({ avatar_url: string; company_id: number; created_at: string; email: string; id: number; is_active: boolean; name: string; phone: string; updated_at: string; user_id: string; } | { account: string; ... 9 more ...; updated_at: string; } | ... 48 more ... | { ...; })[]' is not assignable to parameter of type 'SetStateAction<PurchaseItem[]>'.
  Type '({ avatar_url: string; company_id: number; created_at: string; email: string; id: number; is_active: boolean; name: string; phone: string; updated_at: string; user_id: string; } | { account: string; ... 9 more ...; updated_at: string; } | ... 48 more ... | { ...; })[]' is not assignable to type 'PurchaseItem[]'.
    Type '{ avatar_url: string; company_id: number; created_at: string; email: string; id: number; is_active: boolean; name: string; phone: string; updated_at: string; user_id: string; } | { account: string; ... 9 more ...; updated_at: string; } | ... 48 more ... | { ...; }' is not assignable to type 'PurchaseItem'.
      Type '{ avatar_url: string; company_id: number; created_at: string; email: string; id: number; is_active: boolean; name: string; phone: string; updated_at: string; user_id: string; }' is missing the following properties from type 'PurchaseItem': purchase_id, material_id, description, quantity, and 3 more.
src/components/compras/PurchaseDetailDrawer.tsx(51,53): error TS2769: No overload matches this call.
  Overload 1 of 2, '(relation: "companies" | "boletos" | "accounts" | "clients" | "sales" | "card_machines" | "discount_coupons" | "subscriptions" | "materials" | "spaces" | "product_types" | "pipeline_items" | ... 38 more ... | "whatsapp_messages"): PostgrestQueryBuilder<...>', gave the following error.
    Argument of type '"purchase_attachments"' is not assignable to parameter of type '"companies" | "boletos" | "accounts" | "clients" | "sales" | "card_machines" | "discount_coupons" | "subscriptions" | "materials" | "spaces" | "product_types" | "pipeline_items" | ... 38 more ... | "whatsapp_messages"'.
  Overload 2 of 2, '(relation: never): PostgrestQueryBuilder<{ PostgrestVersion: "14.1"; }, { Tables: { accounts: { Row: { account_type: string; bank_code: string; bank_name: string; company_id: number; created_at: string; current_balance: number; ... 6 more ...; updated_at: string; }; Insert: { ...; }; Update: { ...; }; Relationships: [...]; }; ... 49 more ...; whatsapp_messages: { ...; }; }; Views: {}; Functions: { ...; }; Enums: { ...; }; CompositeTypes: {}; }, never, never, never>', gave the following error.
    Argument of type '"purchase_attachments"' is not assignable to parameter of type 'never'.
src/components/compras/PurchaseDetailDrawer.tsx(51,92): error TS2345: Argument of type '"purchase_id"' is not assignable to parameter of type '"id"'.
src/components/compras/PurchaseDetailDrawer.tsx(52,35): error TS2345: Argument of type '({ avatar_url: string; company_id: number; created_at: string; email: string; id: number; is_active: boolean; name: string; phone: string; updated_at: string; user_id: string; } | { account: string; ... 9 more ...; updated_at: string; } | ... 48 more ... | { ...; })[]' is not assignable to parameter of type 'SetStateAction<PurchaseAttachment[]>'.
  Type '({ avatar_url: string; company_id: number; created_at: string; email: string; id: number; is_active: boolean; name: string; phone: string; updated_at: string; user_id: string; } | { account: string; ... 9 more ...; updated_at: string; } | ... 48 more ... | { ...; })[]' is not assignable to type 'PurchaseAttachment[]'.
    Type '{ avatar_url: string; company_id: number; created_at: string; email: string; id: number; is_active: boolean; name: string; phone: string; updated_at: string; user_id: string; } | { account: string; ... 9 more ...; updated_at: string; } | ... 48 more ... | { ...; }' is not assignable to type 'PurchaseAttachment'.
      Type '{ avatar_url: string; company_id: number; created_at: string; email: string; id: number; is_active: boolean; name: string; phone: string; updated_at: string; user_id: string; }' is missing the following properties from type 'PurchaseAttachment': purchase_id, file_name, file_path, file_type, file_size
src/components/compras/SupplierAutocomplete.tsx(56,15): error TS2769: No overload matches this call.
  Overload 1 of 2, '(relation: "companies" | "boletos" | "accounts" | "clients" | "sales" | "card_machines" | "discount_coupons" | "subscriptions" | "materials" | "spaces" | "product_types" | "pipeline_items" | ... 38 more ... | "whatsapp_messages"): PostgrestQueryBuilder<...>', gave the following error.
    Argument of type '"suppliers"' is not assignable to parameter of type '"companies" | "boletos" | "accounts" | "clients" | "sales" | "card_machines" | "discount_coupons" | "subscriptions" | "materials" | "spaces" | "product_types" | "pipeline_items" | ... 38 more ... | "whatsapp_messages"'.
  Overload 2 of 2, '(relation: never): PostgrestQueryBuilder<{ PostgrestVersion: "14.1"; }, { Tables: { accounts: { Row: { account_type: string; bank_code: string; bank_name: string; company_id: number; created_at: string; current_balance: number; ... 6 more ...; updated_at: string; }; Insert: { ...; }; Update: { ...; }; Relationships: [...]; }; ... 49 more ...; whatsapp_messages: { ...; }; }; Views: {}; Functions: { ...; }; Enums: { ...; }; CompositeTypes: {}; }, never, never, never>', gave the following error.
    Argument of type '"suppliers"' is not assignable to parameter of type 'never'.
src/components/compras/SupplierAutocomplete.tsx(58,13): error TS2345: Argument of type '"company_id"' is not assignable to parameter of type '"id"'.
src/components/compras/SupplierAutocomplete.tsx(59,13): error TS2345: Argument of type '"is_active"' is not assignable to parameter of type '"id"'.
src/components/compras/SupplierAutocomplete.tsx(63,20): error TS2345: Argument of type '({ avatar_url: string; company_id: number; created_at: string; email: string; id: number; is_active: boolean; name: string; phone: string; updated_at: string; user_id: string; } | { account: string; ... 9 more ...; updated_at: string; } | ... 48 more ... | { ...; })[]' is not assignable to parameter of type 'SetStateAction<Supplier[]>'.
  Type '({ avatar_url: string; company_id: number; created_at: string; email: string; id: number; is_active: boolean; name: string; phone: string; updated_at: string; user_id: string; } | { account: string; ... 9 more ...; updated_at: string; } | ... 48 more ... | { ...; })[]' is not assignable to type 'Supplier[]'.
    Type '{ avatar_url: string; company_id: number; created_at: string; email: string; id: number; is_active: boolean; name: string; phone: string; updated_at: string; user_id: string; } | { account: string; ... 9 more ...; updated_at: string; } | ... 48 more ... | { ...; }' is not assignable to type 'Supplier'.
      Type '{ account: string; agency: string; bank_name: string; beneficiary_cnpj: string; beneficiary_name: string; created_at: string; id: number; monthly_price: number; pix_key: string; pix_qr_code_url: string; updated_at: string; }' is missing the following properties from type 'Supplier': company_id, name, phone, is_active
src/components/compras/SupplierAutocomplete.tsx(91,15): error TS2769: No overload matches this call.
  Overload 1 of 2, '(relation: "companies" | "boletos" | "accounts" | "clients" | "sales" | "card_machines" | "discount_coupons" | "subscriptions" | "materials" | "spaces" | "product_types" | "pipeline_items" | ... 38 more ... | "whatsapp_messages"): PostgrestQueryBuilder<...>', gave the following error.
    Argument of type '"suppliers"' is not assignable to parameter of type '"companies" | "boletos" | "accounts" | "clients" | "sales" | "card_machines" | "discount_coupons" | "subscriptions" | "materials" | "spaces" | "product_types" | "pipeline_items" | ... 38 more ... | "whatsapp_messages"'.
  Overload 2 of 2, '(relation: never): PostgrestQueryBuilder<{ PostgrestVersion: "14.1"; }, { Tables: { accounts: { Row: { account_type: string; bank_code: string; bank_name: string; company_id: number; created_at: string; current_balance: number; ... 6 more ...; updated_at: string; }; Insert: { ...; }; Update: { ...; }; Relationships: [...]; }; ... 49 more ...; whatsapp_messages: { ...; }; }; Views: {}; Functions: { ...; }; Enums: { ...; }; CompositeTypes: {}; }, never, never, never>', gave the following error.
    Argument of type '"suppliers"' is not assignable to parameter of type 'never'.
src/components/compras/SupplierAutocomplete.tsx(93,11): error TS2322: Type 'number' is not assignable to type 'never'.
src/components/compras/SupplierAutocomplete.tsx(94,11): error TS2322: Type 'string' is not assignable to type 'never'.
src/components/compras/SupplierAutocomplete.tsx(95,11): error TS2322: Type 'string' is not assignable to type 'never'.
src/components/compras/SupplierAutocomplete.tsx(96,11): error TS2322: Type 'true' is not assignable to type 'never'.
src/components/espaco/PaidExitedVehicles.tsx(212,44): error TS2345: Argument of type '"soft_delete_space"' is not assignable to parameter of type '"apply_coupon" | "approve_company_join_request" | "calculate_upgrade_prorata" | "check_company_has_stock_access" | "check_is_master" | "check_team_limit" | "close_open_roll" | ... 25 more ... | "validate_coupon"'.
src/components/estoque/NewMaterialModal.tsx(205,58): error TS2345: Argument of type '"add_material_roll"' is not assignable to parameter of type '"apply_coupon" | "approve_company_join_request" | "calculate_upgrade_prorata" | "check_company_has_stock_access" | "check_is_master" | "check_team_limit" | "close_open_roll" | ... 25 more ... | "validate_coupon"'.
src/components/estoque/ProductTypesTab.tsx(286,7): error TS2322: Type 'number' is not assignable to type 'string'.
src/components/estoque/StockEntryModal.tsx(61,56): error TS2345: Argument of type '"add_material_roll"' is not assignable to parameter of type '"apply_coupon" | "approve_company_join_request" | "calculate_upgrade_prorata" | "check_company_has_stock_access" | "check_is_master" | "check_team_limit" | "close_open_roll" | ... 25 more ... | "validate_coupon"'.
src/components/estoque/StockExitModal.tsx(80,62): error TS2345: Argument of type '"manual_exit_material_rolls"' is not assignable to parameter of type '"apply_coupon" | "approve_company_join_request" | "calculate_upgrade_prorata" | "check_company_has_stock_access" | "check_is_master" | "check_team_limit" | "close_open_roll" | ... 25 more ... | "validate_coupon"'.
src/components/estoque/StockExitModal.tsx(90,33): error TS2339: Property 'warning' does not exist on type 'never'.
src/components/estoque/StockExitModal.tsx(91,65): error TS2339: Property 'available_meters' does not exist on type 'never'.
src/components/estoque/VehicleRegionsTab.tsx(392,73): error TS2322: Type 'number' is not assignable to type 'string'.
src/components/financeiro/BoletoManagement.tsx(215,23): error TS2345: Argument of type '(prev: Record<number, Installment[]>) => { [x: number]: Installment[] | SelectQueryError<"column 'transaction_id' does not exist on 'boleto_installments'.">[]; }' is not assignable to parameter of type 'SetStateAction<Record<number, Installment[]>>'.
  Type '(prev: Record<number, Installment[]>) => { [x: number]: Installment[] | SelectQueryError<"column 'transaction_id' does not exist on 'boleto_installments'.">[]; }' is not assignable to type '(prevState: Record<number, Installment[]>) => Record<number, Installment[]>'.
    Type '{ [x: number]: Installment[] | SelectQueryError<"column 'transaction_id' does not exist on 'boleto_installments'.">[]; }' is not assignable to type 'Record<number, Installment[]>'.
      'number' index signatures are incompatible.
        Type 'Installment[] | SelectQueryError<"column 'transaction_id' does not exist on 'boleto_installments'.">[]' is not assignable to type 'Installment[]'.
          Type 'SelectQueryError<"column 'transaction_id' does not exist on 'boleto_installments'.">[]' is not assignable to type 'Installment[]'.
            Type '{ error: true; } & String' is missing the following properties from type 'Installment': id, boleto_id, installment_number, amount, and 5 more.
src/components/financeiro/BoletoManagement.tsx(499,15): error TS2322: Type 'string' is not assignable to type 'never'.
src/components/financeiro/BoletoManagement.tsx(500,15): error TS2322: Type 'number' is not assignable to type 'never'.
src/components/financeiro/BoletoManagement.tsx(501,15): error TS2322: Type 'number' is not assignable to type 'never'.
src/components/financeiro/BoletoManagement.tsx(512,25): error TS2353: Object literal may only specify known properties, and 'transaction_id' does not exist in type 'RejectExcessProperties<{ amount?: number; boleto_id?: number; created_at?: string; due_date?: string; id?: number; installment_number?: number; paid_amount?: number; payment_date?: string; status?: string; updated_at?: string; }, { ...; }>'.
src/components/financeiro/BoletoManagement.tsx(592,21): error TS2339: Property 'sale_payment_id' does not exist on type 'SelectQueryError<"column 'sale_payment_id' does not exist on 'transactions'.">'.
src/components/financeiro/BoletoManagement.tsx(593,46): error TS2339: Property 'sale_payment_id' does not exist on type 'SelectQueryError<"column 'sale_payment_id' does not exist on 'transactions'.">'.
src/components/financeiro/BoletoManagement.tsx(600,15): error TS2345: Argument of type '"origin_type"' is not assignable to parameter of type '"type" | "id" | "name" | "company_id" | "account_id" | "sale_id" | "category_id" | "subcategory_id" | "created_at" | "description" | "updated_at" | "amount" | "payment_method" | ... 4 more ... | "transaction_date"'.
src/components/financeiro/BoletoManagement.tsx(601,15): error TS2345: Argument of type '"origin_id"' is not assignable to parameter of type '"type" | "id" | "name" | "company_id" | "account_id" | "sale_id" | "category_id" | "subcategory_id" | "created_at" | "description" | "updated_at" | "amount" | "payment_method" | ... 4 more ... | "transaction_date"'.
src/components/financeiro/BoletoManagement.tsx(606,20): error TS2339: Property 'sale_payment_id' does not exist on type 'SelectQueryError<"column 'sale_payment_id' does not exist on 'transactions'.">'.
src/components/financeiro/BoletoManagement.tsx(607,46): error TS2339: Property 'sale_payment_id' does not exist on type 'SelectQueryError<"column 'sale_payment_id' does not exist on 'transactions'.">'.
src/components/financeiro/BoletoManagement.tsx(612,48): error TS2339: Property 'id' does not exist on type 'SelectQueryError<"column 'sale_payment_id' does not exist on 'transactions'.">'.
src/components/financeiro/BoletoManagement.tsx(627,13): error TS2322: Type 'null' is not assignable to type 'never'.
src/components/financeiro/CardMachineModal.tsx(157,9): error TS2322: Type 'string' is not assignable to type '"both" | "debit" | "credit"'.
src/components/master/SubscriptionsManager.tsx(207,10): error TS2304: Cannot find name 'globalPrice'.
src/components/master/SubscriptionsManager.tsx(207,26): error TS2304: Cannot find name 'globalPriceReason'.
src/components/master/SubscriptionsManager.tsx(212,37): error TS2304: Cannot find name 'globalPrice'.
src/components/master/SubscriptionsManager.tsx(213,23): error TS2304: Cannot find name 'globalPriceReason'.
src/components/master/SubscriptionsManager.tsx(217,7): error TS2552: Cannot find name 'setShowGlobalPriceModal'. Did you mean 'setShowPriceModal'?
src/components/master/SubscriptionsManager.tsx(218,7): error TS2304: Cannot find name 'setGlobalPrice'.
src/components/master/SubscriptionsManager.tsx(219,7): error TS2552: Cannot find name 'setGlobalPriceReason'. Did you mean 'setPriceReason'?
src/components/vendas/AccountSelectCard.tsx(231,22): error TS2304: Cannot find name 'Button'.
src/components/vendas/AccountSelectCard.tsx(243,23): error TS2304: Cannot find name 'Button'.
src/components/vendas/SaleDetailsModal.tsx(250,14): error TS2304: Cannot find name 'data'.
src/components/vendas/SaleDetailsModal.tsx(390,50): error TS2345: Argument of type '"soft_delete_sale"' is not assignable to parameter of type '"apply_coupon" | "approve_company_join_request" | "calculate_upgrade_prorata" | "check_company_has_stock_access" | "check_is_master" | "check_team_limit" | "close_open_roll" | ... 25 more ... | "validate_coupon"'.
src/components/vendas/SaleDetailsModal.tsx(427,50): error TS2345: Argument of type '"restore_sale"' is not assignable to parameter of type '"apply_coupon" | "approve_company_join_request" | "calculate_upgrade_prorata" | "check_company_has_stock_access" | "check_is_master" | "check_team_limit" | "close_open_roll" | ... 25 more ... | "validate_coupon"'.
src/components/vendas/SaleDetailsModal.tsx(469,50): error TS2345: Argument of type '"permanently_delete_sale"' is not assignable to parameter of type '"apply_coupon" | "approve_company_join_request" | "calculate_upgrade_prorata" | "check_company_has_stock_access" | "check_is_master" | "check_team_limit" | "close_open_roll" | ... 25 more ... | "validate_coupon"'.
src/components/vendas/SaleDetailsModal.tsx(982,80): error TS2339: Property 'seller_id' does not exist on type 'SaleWithDetails'.
src/integrations/supabase/client.ts(107,42): error TS2769: No overload matches this call.
  Overload 1 of 2, '(relation: "companies" | "boletos" | "accounts" | "clients" | "sales" | "card_machines" | "discount_coupons" | "subscriptions" | "materials" | "spaces" | "product_types" | "pipeline_items" | ... 38 more ... | "whatsapp_messages"): PostgrestQueryBuilder<...>', gave the following error.
    Argument of type 'string' is not assignable to parameter of type '"companies" | "boletos" | "accounts" | "clients" | "sales" | "card_machines" | "discount_coupons" | "subscriptions" | "materials" | "spaces" | "product_types" | "pipeline_items" | ... 38 more ... | "whatsapp_messages"'.
  Overload 2 of 2, '(relation: never): PostgrestQueryBuilder<{ PostgrestVersion: "14.1"; }, { Tables: { accounts: { Row: { account_type: string; bank_code: string; bank_name: string; company_id: number; created_at: string; current_balance: number; ... 6 more ...; updated_at: string; }; Insert: { ...; }; Update: { ...; }; Relationships: [...]; }; ... 49 more ...; whatsapp_messages: { ...; }; }; Views: {}; Functions: { ...; }; Enums: { ...; }; CompositeTypes: {}; }, never, never, never>', gave the following error.
    Argument of type 'string' is not assignable to parameter of type 'never'.
src/integrations/supabase/client.ts(118,27): error TS2345: Argument of type 'string' is not assignable to parameter of type '"apply_coupon" | "approve_company_join_request" | "calculate_upgrade_prorata" | "check_company_has_stock_access" | "check_is_master" | "check_team_limit" | "close_open_roll" | ... 25 more ... | "validate_coupon"'.
src/lib/financialTransactions.ts(129,7): error TS2322: Type 'TransactionOriginType' is not assignable to type 'never'.
  Type '"sale"' is not assignable to type 'never'.
src/lib/financialTransactions.ts(130,7): error TS2322: Type 'number' is not assignable to type 'never'.
src/lib/financialTransactions.ts(131,7): error TS2322: Type 'number' is not assignable to type 'never'.
src/lib/financialTransactions.ts(226,17): error TS2353: Object literal may only specify known properties, and 'transaction_id' does not exist in type 'RejectExcessProperties<{ amount?: number; boleto_id?: number; created_at?: string; due_date?: string; id?: number; installment_number?: number; paid_amount?: number; payment_date?: string; status?: string; updated_at?: string; }, { ...; }>'.
src/lib/financialTransactions.ts(338,9): error TS2345: Argument of type '"origin_type"' is not assignable to parameter of type '"type" | "id" | "name" | "company_id" | "account_id" | "sale_id" | "category_id" | "subcategory_id" | "created_at" | "description" | "updated_at" | "amount" | "payment_method" | ... 4 more ... | "transaction_date"'.
src/lib/financialTransactions.ts(339,9): error TS2345: Argument of type '"origin_id"' is not assignable to parameter of type '"type" | "id" | "name" | "company_id" | "account_id" | "sale_id" | "category_id" | "subcategory_id" | "created_at" | "description" | "updated_at" | "amount" | "payment_method" | ... 4 more ... | "transaction_date"'.
src/lib/stockConsumption.ts(137,62): error TS2345: Argument of type '"consume_material_rolls"' is not assignable to parameter of type '"apply_coupon" | "approve_company_join_request" | "calculate_upgrade_prorata" | "check_company_has_stock_access" | "check_is_master" | "check_team_limit" | "close_open_roll" | ... 25 more ... | "validate_coupon"'.
src/lib/stockConsumption.ts(152,26): error TS2339: Property 'warning' does not exist on type '{ discount_type: string; discount_value: number; is_valid: boolean; message: string; }[]'.
src/lib/stockConsumption.ts(154,104): error TS2339: Property 'available_meters' does not exist on type '{ discount_type: string; discount_value: number; is_valid: boolean; message: string; }[]'.
src/lib/stockConsumption.ts(319,62): error TS2345: Argument of type '"consume_material_rolls"' is not assignable to parameter of type '"apply_coupon" | "approve_company_join_request" | "calculate_upgrade_prorata" | "check_company_has_stock_access" | "check_is_master" | "check_team_limit" | "close_open_roll" | ... 25 more ... | "validate_coupon"'.
src/lib/stockConsumption.ts(334,26): error TS2339: Property 'warning' does not exist on type '{ discount_type: string; discount_value: number; is_valid: boolean; message: string; }[]'.
src/lib/stockConsumption.ts(336,115): error TS2339: Property 'available_meters' does not exist on type '{ discount_type: string; discount_value: number; is_valid: boolean; message: string; }[]'.
src/pages/Comissoes.tsx(157,10): error TS2741: Property 'title' is missing in type '{ type: "VENDEDOR"; people: CommissionPersonWithMetrics[]; onAdd: () => void; onEdit: (person: CommissionPersonWithMetrics) => void; onViewDetail: (person: CommissionPersonWithMetrics) => void; onToggleStatus: (person: CommissionPersonWithMetrics, checked: boolean) => Promise<...>; }' but required in type 'CommissionPeopleSectionProps'.
src/pages/Comissoes.tsx(165,10): error TS2741: Property 'title' is missing in type '{ type: "INSTALADOR_INSULFILM"; people: CommissionPersonWithMetrics[]; onAdd: () => void; onEdit: (person: CommissionPersonWithMetrics) => void; onViewDetail: (person: CommissionPersonWithMetrics) => void; onToggleStatus: (person: CommissionPersonWithMetrics, checked: boolean) => Promise<...>; }' but required in type 'CommissionPeopleSectionProps'.
src/pages/Comissoes.tsx(173,10): error TS2741: Property 'title' is missing in type '{ type: "INSTALADOR_PPF"; people: CommissionPersonWithMetrics[]; onAdd: () => void; onEdit: (person: CommissionPersonWithMetrics) => void; onViewDetail: (person: CommissionPersonWithMetrics) => void; onToggleStatus: (person: CommissionPersonWithMetrics, checked: boolean) => Promise<...>; }' but required in type 'CommissionPeopleSectionProps'.
src/pages/Compras.tsx(70,28): error TS2589: Type instantiation is excessively deep and possibly infinite.
src/pages/Compras.tsx(71,13): error TS2769: No overload matches this call.
  Overload 1 of 2, '(relation: "companies" | "boletos" | "accounts" | "clients" | "sales" | "card_machines" | "discount_coupons" | "subscriptions" | "materials" | "spaces" | "product_types" | "pipeline_items" | ... 38 more ... | "whatsapp_messages"): PostgrestQueryBuilder<...>', gave the following error.
    Argument of type '"purchases"' is not assignable to parameter of type '"companies" | "boletos" | "accounts" | "clients" | "sales" | "card_machines" | "discount_coupons" | "subscriptions" | "materials" | "spaces" | "product_types" | "pipeline_items" | ... 38 more ... | "whatsapp_messages"'.
  Overload 2 of 2, '(relation: never): PostgrestQueryBuilder<{ PostgrestVersion: "14.1"; }, { Tables: { accounts: { Row: { account_type: string; bank_code: string; bank_name: string; company_id: number; created_at: string; current_balance: number; ... 6 more ...; updated_at: string; }; Insert: { ...; }; Update: { ...; }; Relationships: [...]; }; ... 49 more ...; whatsapp_messages: { ...; }; }; Views: {}; Functions: { ...; }; Enums: { ...; }; CompositeTypes: {}; }, never, never, never>', gave the following error.
    Argument of type '"purchases"' is not assignable to parameter of type 'never'.
src/pages/Compras.tsx(73,11): error TS2345: Argument of type '"company_id"' is not assignable to parameter of type '"id"'.
src/pages/Compras.tsx(79,26): error TS2339: Property 'supplier_name_snapshot' does not exist on type 'ResultOne'.
src/pages/Financeiro.tsx(177,23): error TS2345: Argument of type 'SelectQueryError<"column 'origin_type' does not exist on 'transactions'.">[]' is not assignable to parameter of type 'SetStateAction<Transaction[]>'.
  Type 'SelectQueryError<"column 'origin_type' does not exist on 'transactions'.">[]' is not assignable to type 'Transaction[]'.
    Type '{ error: true; } & String' is missing the following properties from type 'Transaction': id, type, amount, transaction_date, and 4 more.
src/pages/Financeiro.tsx(273,10): error TS2339: Property 'sale_payment_id' does not exist on type 'Transaction'.
src/pages/Financeiro.tsx(273,68): error TS2339: Property 'sale_payment_id' does not exist on type 'Transaction'.
